// Jest Snapshot v1, https://goo.gl/fbAQLP

exports[`should render a news article correctly 1`] = `
.c1 {
  margin: 0 auto;
  background: #FDFDFD;
  padding-bottom: 2rem;
}

.c4 {
  grid-column: 1 / span 6;
}

.c3 {
  font-size: 1.75rem;
  line-height: 2rem;
  font-family: ReithSerif,Helvetica,Arial,sans-serif;
  font-weight: 500;
  font-style: normal;
  color: #3F3F42;
  display: block;
  margin: 0;
  padding: 2rem 0;
}

.c3:focus {
  outline: none;
}

.c5 {
  font-size: 0.9375rem;
  line-height: 1.25rem;
  font-family: ReithSans,Helvetica,Arial,sans-serif;
  font-weight: 400;
  font-style: normal;
  color: #3F3F42;
  padding-bottom: 1.5rem;
  margin: 0;
}

.c0 {
  -webkit-box-flex: 1;
  -webkit-flex-grow: 1;
  -ms-flex-positive: 1;
  flex-grow: 1;
}

@media (max-width:37.4375rem) {
  .c1 {
    grid-column-gap: 0.5rem;
  }
}

@media (min-width:37.5rem) {
  .c1 {
    grid-column-gap: 1rem;
  }
}

@media (max-width:62.9375rem) {
  .c1 {
    grid-template-columns: repeat(6,1fr);
  }
}

@media (min-width:63rem) and (max-width:80rem) {
  .c1 {
    grid-template-columns: 1fr repeat(8,minmax(0,6.75rem)) 1fr;
    max-width: 45.5rem;
  }
}

@media (min-width:80rem) {
  .c1 {
    grid-template-columns: 1fr repeat(20,minmax(0,2.95rem)) 1fr;
    max-width: 46.4rem;
  }
}

@supports (display:grid) {
  .c1 {
    display: grid;
    max-width: initial;
    margin: initial;
  }
}

@media (max-width:25rem) {
  .c4 {
    padding: 0 0.5rem;
  }
}

@media (min-width:25rem) and (max-width:62.9375rem) {
  .c4 {
    padding: 0 1rem;
  }
}

@media (min-width:37.5rem) {
  .c4 {
    grid-column: 1 / span 5;
    max-width: 83.33%;
  }
}

@media (min-width:63rem) and (max-width:80rem) {
  .c4 {
    grid-column: 3 / span 5;
    max-width: 37.75rem;
  }
}

@media (min-width:80rem) {
  .c4 {
    grid-column: 6 / span 10;
    max-width: 38.5rem;
  }
}

@supports (display:grid) {
  .c4 {
    max-width: initial;
  }
}

@media (max-width:63rem) {
  .c2 {
    grid-column: 1 / span 6;
  }
}

@media (min-width:63rem) and (max-width:80rem) {
  .c2 {
    grid-column: 3 / span 6;
  }
}

@media (min-width:80rem) {
  .c2 {
    grid-column: 6 / span 12;
  }
}

@media (max-width:25rem) {
  .c2 {
    padding: 0 0.5rem;
  }
}

@media (min-width:25rem) and (max-width:62.9375rem) {
  .c2 {
    padding: 0 1rem;
  }
}

@media (min-width:20rem) and (max-width:37.4375rem) {
  .c3 {
    font-size: 2rem;
    line-height: 2.25rem;
  }
}

@media (min-width:37.5rem) {
  .c3 {
    font-size: 2.75rem;
    line-height: 3rem;
  }
}

@media (min-width:37.5rem) {
  .c3 {
    padding: 2.5rem 0;
  }
}

@media (min-width:20rem) and (max-width:37.4375rem) {
  .c5 {
    font-size: 1rem;
    line-height: 1.375rem;
  }
}

@media (min-width:37.5rem) {
  .c5 {
    font-size: 1rem;
    line-height: 1.375rem;
  }
}

<html
  dir="ltr"
  lang="en-gb"
>
  <head>
    <title>
      Article Headline for SEO - BBC News
    </title>
    <link
      href="https://www.test.bbc.com/pathname"
      rel="canonical"
    />
    <link
      href="https://www.test.bbc.com/pathname"
      hreflang="x-default"
      rel="alternate"
    />
    <link
      href="https://www.test.bbc.com/pathname"
      hreflang="en"
      rel="alternate"
    />
    <link
      href="https://www.test.bbc.co.uk/pathname"
      hreflang="en-gb"
      rel="alternate"
    />
    <link
      href="https://www.test.bbc.co.uk/pathname.amp"
      rel="amphtml"
    />
    <link
      href="http://localhost:7080/news/images/icons/icon-192x192.png"
      rel="apple-touch-icon"
    />
    <link
      href="https://news.files.bbci.co.uk/include/articles/public/news/images/icons/icon-72x72.png"
      rel="apple-touch-icon"
      sizes="72x72"
    />
    <link
      href="https://news.files.bbci.co.uk/include/articles/public/news/images/icons/icon-96x96.png"
      rel="apple-touch-icon"
      sizes="96x96"
    />
    <link
      href="https://news.files.bbci.co.uk/include/articles/public/news/images/icons/icon-128x128.png"
      rel="apple-touch-icon"
      sizes="128x128"
    />
    <link
      href="https://news.files.bbci.co.uk/include/articles/public/news/images/icons/icon-144x144.png"
      rel="apple-touch-icon"
      sizes="144x144"
    />
    <link
      href="https://news.files.bbci.co.uk/include/articles/public/news/images/icons/icon-152x152.png"
      rel="apple-touch-icon"
      sizes="152x152"
    />
    <link
      href="https://news.files.bbci.co.uk/include/articles/public/news/images/icons/icon-192x192.png"
      rel="apple-touch-icon"
      sizes="192x192"
    />
    <link
      href="https://news.files.bbci.co.uk/include/articles/public/news/images/icons/icon-384x384.png"
      rel="apple-touch-icon"
      sizes="384x384"
    />
    <link
      href="https://news.files.bbci.co.uk/include/articles/public/news/images/icons/icon-512x512.png"
      rel="apple-touch-icon"
      sizes="512x512"
    />
    <link
      href="https://news.files.bbci.co.uk/include/articles/public/news/images/icons/icon-72x72.png"
      rel="icon"
      sizes="72x72"
      type="image/png"
    />
    <link
      href="https://news.files.bbci.co.uk/include/articles/public/news/images/icons/icon-96x96.png"
      rel="icon"
      sizes="96x96"
      type="image/png"
    />
    <link
      href="https://news.files.bbci.co.uk/include/articles/public/news/images/icons/icon-192x192.png"
      rel="icon"
      sizes="192x192"
      type="image/png"
    />
    <link
      href="https://news.files.bbci.co.uk/include/articles/public/news/images/icons/icon-512x512.png"
      rel="apple-touch-startup-image"
    />
    <link
      href="/favicon.ico"
      rel="shortcut icon"
      type="image/x-icon"
    />
    <meta
      content="IE=edge"
      http-equiv="X-UA-Compatible"
    />
    <meta
      charset="utf-8"
    />
    <meta
      content="noodp,noydir"
      name="robots"
    />
    <meta
      content="#B80000"
      name="theme-color"
    />
    <meta
      content="width=device-width, initial-scale=1, minimum-scale=1"
      name="viewport"
    />
    <meta
      content="BBC News"
      name="apple-mobile-web-app-title"
    />
    <meta
      content="BBC News"
      name="application-name"
    />
    <meta
      content="Article summary."
      name="description"
    />
    <meta
      content="100004154058350"
      property="fb:admins"
    />
    <meta
      content="1609039196070050"
      property="fb:app_id"
    />
    <meta
      content="yes"
      name="mobile-web-app-capable"
    />
    <meta
      content="#B80000"
      name="msapplication-TileColor"
    />
    <meta
      content="https://news.files.bbci.co.uk/include/articles/public/news/images/icons/icon-144x144.png"
      name="msapplication-TileImage"
    />
    <meta
      content="Article summary."
      property="og:description"
    />
    <meta
      content="https://www.bbc.co.uk/news/special/2015/newsspec_10857/bbc_news_logo.png"
      property="og:image"
    />
    <meta
      content="BBC News"
      property="og:image:alt"
    />
    <meta
      content="en_GB"
      property="og:locale"
    />
    <meta
      content="BBC News"
      property="og:site_name"
    />
    <meta
      content="Article Headline for SEO - BBC News"
      property="og:title"
    />
    <meta
      content="article"
      property="og:type"
    />
    <meta
      content="https://www.test.bbc.com/pathname"
      property="og:url"
    />
    <meta
      content="summary_large_image"
      name="twitter:card"
    />
    <meta
      content="@BBCNews"
      name="twitter:creator"
    />
    <meta
      content="Article summary."
      name="twitter:description"
    />
    <meta
      content="BBC News"
      name="twitter:image:alt"
    />
    <meta
      content="https://www.bbc.co.uk/news/special/2015/newsspec_10857/bbc_news_logo.png"
      name="twitter:image:src"
    />
    <meta
      content="@BBCNews"
      name="twitter:site"
    />
    <meta
      content="Article Headline for SEO - BBC News"
      name="twitter:title"
    />
    <meta
      content="Royal Wedding 2018"
      name="article:tag"
    />
    <meta
      content="Duchess of Sussex"
      name="article:tag"
    />
    <meta
      content="Queen Victoria"
      name="article:tag"
    />
    <meta
      content="https://www.facebook.com/bbcnews"
      name="article:author"
    />
    <meta
      content="2018-01-01T13:00:00.000Z"
      name="article:modified_time"
    />
    <meta
      content="2018-01-01T12:01:00.000Z"
      name="article:published_time"
    />
    <script
      type="application/ld+json"
    >
      {"@context":"http://schema.org","@type":"Article","url":"https://www.test.bbc.com/pathname","publisher":{"@type":"NewsMediaOrganization","name":"BBC News","publishingPrinciples":"https://www.bbc.com/news/help-41670342","logo":{"@type":"ImageObject","width":1024,"height":576,"url":"https://www.bbc.co.uk/news/special/2015/newsspec_10857/bbc_news_logo.png"}},"image":{"@type":"ImageObject","width":1024,"height":576,"url":"https://www.bbc.co.uk/news/special/2015/newsspec_10857/bbc_news_logo.png"},"thumbnailUrl":"https://www.bbc.co.uk/news/special/2015/newsspec_10857/bbc_news_logo.png","mainEntityOfPage":{"@type":"WebPage","@id":"https://www.test.bbc.com/pathname","name":"Article Headline for SEO"},"headline":"Article Headline for SEO","datePublished":"2018-01-01T12:01:00.000Z","dateModified":"2018-01-01T13:00:00.000Z","about":[{"@type":"Thing","name":"Royal Wedding 2018","sameAs":["http://dbpedia.org/resource/Queen_Victoria"]},{"@type":"Person","name":"Duchess of Sussex"}],"author":{"@type":"NewsMediaOrganization","name":"BBC News","logo":{"@type":"ImageObject","width":1024,"height":576,"url":"https://www.bbc.co.uk/news/special/2015/newsspec_10857/bbc_news_logo.png"},"noBylinesPolicy":"https://www.bbc.com/news/help-41670342#authorexpertise"}}
    </script>
  </head>
  <body>
    <div>
      <noscript />
      <div>
        chartbeat
      </div>
      <main
        class="c0"
        role="main"
      >
        <div
          class="c1"
        >
          <div
            class="c2"
          >
            <h1
              class="c3"
              id="content"
              tabindex="-1"
            >
              Article Headline
            </h1>
          </div>
          <div
            class="c4"
          >
            <p
              class="c5"
            >
              A paragraph.
            </p>
          </div>
        </div>
      </main>
    </div>
  </body>
</html>
`;

exports[`should render a persian article correctly 1`] = `
<html
  dir="rtl"
  lang="fa"
>
  <head>
    <title>
      سرصفحه مقاله - BBC News فارسی
    </title>
    <link
      href="https://www.test.bbc.com/pathname"
      rel="canonical"
    />
    <link
      href="https://www.test.bbc.co.uk/pathname.amp"
      rel="amphtml"
    />
    <link
      href="http://localhost:7080/persian/images/icons/icon-192x192.png"
      rel="apple-touch-icon"
    />
    <link
      href="https://news.files.bbci.co.uk/include/articles/public/persian/images/icons/icon-72x72.png"
      rel="apple-touch-icon"
      sizes="72x72"
    />
    <link
      href="https://news.files.bbci.co.uk/include/articles/public/persian/images/icons/icon-96x96.png"
      rel="apple-touch-icon"
      sizes="96x96"
    />
    <link
      href="https://news.files.bbci.co.uk/include/articles/public/persian/images/icons/icon-128x128.png"
      rel="apple-touch-icon"
      sizes="128x128"
    />
    <link
      href="https://news.files.bbci.co.uk/include/articles/public/persian/images/icons/icon-144x144.png"
      rel="apple-touch-icon"
      sizes="144x144"
    />
    <link
      href="https://news.files.bbci.co.uk/include/articles/public/persian/images/icons/icon-152x152.png"
      rel="apple-touch-icon"
      sizes="152x152"
    />
    <link
      href="https://news.files.bbci.co.uk/include/articles/public/persian/images/icons/icon-192x192.png"
      rel="apple-touch-icon"
      sizes="192x192"
    />
    <link
      href="https://news.files.bbci.co.uk/include/articles/public/persian/images/icons/icon-384x384.png"
      rel="apple-touch-icon"
      sizes="384x384"
    />
    <link
      href="https://news.files.bbci.co.uk/include/articles/public/persian/images/icons/icon-512x512.png"
      rel="apple-touch-icon"
      sizes="512x512"
    />
    <link
      href="https://news.files.bbci.co.uk/include/articles/public/persian/images/icons/icon-72x72.png"
      rel="icon"
      sizes="72x72"
      type="image/png"
    />
    <link
      href="https://news.files.bbci.co.uk/include/articles/public/persian/images/icons/icon-96x96.png"
      rel="icon"
      sizes="96x96"
      type="image/png"
    />
    <link
      href="https://news.files.bbci.co.uk/include/articles/public/persian/images/icons/icon-192x192.png"
      rel="icon"
      sizes="192x192"
      type="image/png"
    />
    <link
      href="https://news.files.bbci.co.uk/include/articles/public/persian/images/icons/icon-512x512.png"
      rel="apple-touch-startup-image"
    />
    <link
      href="/favicon.ico"
      rel="shortcut icon"
      type="image/x-icon"
    />
    <meta
      content="IE=edge"
      http-equiv="X-UA-Compatible"
    />
    <meta
      charset="utf-8"
    />
    <meta
      content="noodp,noydir"
      name="robots"
    />
    <meta
      content="#B80000"
      name="theme-color"
    />
    <meta
      content="width=device-width, initial-scale=1, minimum-scale=1"
      name="viewport"
    />
    <meta
      content="BBC News فارسی"
      name="apple-mobile-web-app-title"
    />
    <meta
      content="BBC News فارسی"
      name="application-name"
    />
    <meta
      content="خلاصه مقاله"
      name="description"
    />
    <meta
      content="100004154058350"
      property="fb:admins"
    />
    <meta
      content="1609039196070050"
      property="fb:app_id"
    />
    <meta
      content="yes"
      name="mobile-web-app-capable"
    />
    <meta
      content="#B80000"
      name="msapplication-TileColor"
    />
    <meta
      content="https://news.files.bbci.co.uk/include/articles/public/persian/images/icons/icon-144x144.png"
      name="msapplication-TileImage"
    />
    <meta
      content="خلاصه مقاله"
      property="og:description"
    />
    <meta
      content="https://news.files.bbci.co.uk/ws/img/logos/og/persian.png"
      property="og:image"
    />
    <meta
      content="BBC News فارسی"
      property="og:image:alt"
    />
    <meta
      content="fa"
      property="og:locale"
    />
    <meta
      content="BBC News فارسی"
      property="og:site_name"
    />
    <meta
      content="سرصفحه مقاله - BBC News فارسی"
      property="og:title"
    />
    <meta
      content="article"
      property="og:type"
    />
    <meta
      content="https://www.test.bbc.com/pathname"
      property="og:url"
    />
    <meta
      content="summary_large_image"
      name="twitter:card"
    />
    <meta
      content="@bbcpersian"
      name="twitter:creator"
    />
    <meta
      content="خلاصه مقاله"
      name="twitter:description"
    />
    <meta
      content="BBC News فارسی"
      name="twitter:image:alt"
    />
    <meta
      content="https://news.files.bbci.co.uk/ws/img/logos/og/persian.png"
      name="twitter:image:src"
    />
    <meta
      content="@bbcpersian"
      name="twitter:site"
    />
    <meta
      content="سرصفحه مقاله - BBC News فارسی"
      name="twitter:title"
    />
    <meta
      content="https://www.facebook.com/bbcnews"
      name="article:author"
    />
    <meta
      content="2018-01-01T13:00:00.000Z"
      name="article:modified_time"
    />
    <meta
      content="2018-01-01T12:01:00.000Z"
      name="article:published_time"
    />
    <script
      type="application/ld+json"
    >
      {"@context":"http://schema.org","@type":"Article","url":"https://www.test.bbc.com/pathname","publisher":{"@type":"NewsMediaOrganization","name":"BBC News فارسی","publishingPrinciples":"https://www.bbc.com/news/help-41670342","logo":{"@type":"ImageObject","width":1024,"height":576,"url":"https://news.files.bbci.co.uk/ws/img/logos/og/persian.png"}},"image":{"@type":"ImageObject","width":1024,"height":576,"url":"https://news.files.bbci.co.uk/ws/img/logos/og/persian.png"},"thumbnailUrl":"https://news.files.bbci.co.uk/ws/img/logos/og/persian.png","mainEntityOfPage":{"@type":"WebPage","@id":"https://www.test.bbc.com/pathname","name":"سرصفحه مقاله"},"headline":"سرصفحه مقاله","datePublished":"2018-01-01T12:01:00.000Z","dateModified":"2018-01-01T13:00:00.000Z","author":{"@type":"NewsMediaOrganization","name":"BBC News فارسی","logo":{"@type":"ImageObject","width":1024,"height":576,"url":"https://news.files.bbci.co.uk/ws/img/logos/og/persian.png"},"noBylinesPolicy":"https://www.bbc.com/news/help-41670342#authorexpertise"}}
    </script>
  </head>
  <body>
    .c1 {
  margin: 0 auto;
  background: #FDFDFD;
  padding-bottom: 2rem;
}

.c4 {
  grid-column: 1 / span 6;
}

.c3 {
  font-size: 2rem;
  line-height: 2.625rem;
  font-family: "BBC Nassim Persian",Arial,Verdana,Geneva,Helvetica,sans-serif;
  font-weight: 700;
  font-style: normal;
  color: #3F3F42;
  display: block;
  margin: 0;
  padding: 2rem 0;
}

.c3:focus {
  outline: none;
}

.c5 {
  font-size: 1.125rem;
  line-height: 1.75rem;
  font-family: "BBC Nassim Persian",Arial,Verdana,Geneva,Helvetica,sans-serif;
  font-weight: 400;
  font-style: normal;
  color: #3F3F42;
  padding-bottom: 1.5rem;
  margin: 0;
}

.c0 {
  -webkit-box-flex: 1;
  -webkit-flex-grow: 1;
  -ms-flex-positive: 1;
  flex-grow: 1;
}

@media (max-width:37.4375rem) {
  .c1 {
    grid-column-gap: 0.5rem;
  }
}

@media (min-width:37.5rem) {
  .c1 {
    grid-column-gap: 1rem;
  }
}

@media (max-width:62.9375rem) {
  .c1 {
    grid-template-columns: repeat(6,1fr);
  }
}

@media (min-width:63rem) and (max-width:80rem) {
  .c1 {
    grid-template-columns: 1fr repeat(8,minmax(0,6.75rem)) 1fr;
    max-width: 45.5rem;
  }
}

@media (min-width:80rem) {
  .c1 {
    grid-template-columns: 1fr repeat(20,minmax(0,2.95rem)) 1fr;
    max-width: 46.4rem;
  }
}

@supports (display:grid) {
  .c1 {
    display: grid;
    max-width: initial;
    margin: initial;
  }
}

@media (max-width:25rem) {
  .c4 {
    padding: 0 0.5rem;
  }
}

@media (min-width:25rem) and (max-width:62.9375rem) {
  .c4 {
    padding: 0 1rem;
  }
}

@media (min-width:37.5rem) {
  .c4 {
    grid-column: 1 / span 5;
    max-width: 83.33%;
  }
}

@media (min-width:63rem) and (max-width:80rem) {
  .c4 {
    grid-column: 3 / span 5;
    max-width: 37.75rem;
  }
}

@media (min-width:80rem) {
  .c4 {
    grid-column: 6 / span 10;
    max-width: 38.5rem;
  }
}

@supports (display:grid) {
  .c4 {
    max-width: initial;
  }
}

@media (max-width:63rem) {
  .c2 {
    grid-column: 1 / span 6;
  }
}

@media (min-width:63rem) and (max-width:80rem) {
  .c2 {
    grid-column: 3 / span 6;
  }
}

@media (min-width:80rem) {
  .c2 {
    grid-column: 6 / span 12;
  }
}

@media (max-width:25rem) {
  .c2 {
    padding: 0 0.5rem;
  }
}

@media (min-width:25rem) and (max-width:62.9375rem) {
  .c2 {
    padding: 0 1rem;
  }
}

@media (min-width:20rem) and (max-width:37.4375rem) {
  .c3 {
    font-size: 2.375rem;
    line-height: 2.875rem;
  }
}

@media (min-width:37.5rem) {
  .c3 {
    font-size: 2.75rem;
    line-height: 3.375rem;
  }
}

@media (min-width:37.5rem) {
  .c3 {
    padding: 2.5rem 0;
  }
}

@media (min-width:20rem) and (max-width:37.4375rem) {
  .c5 {
    font-size: 1.375rem;
    line-height: 2rem;
  }
}

@media (min-width:37.5rem) {
  .c5 {
    font-size: 1.375rem;
    line-height: 2rem;
  }
}

<div>
      <noscript />
      <div>
        chartbeat
      </div>
      <main
        class="c0"
        role="main"
      >
        <div
          class="c1"
        >
          <div
            class="c2"
          >
            <h1
              class="c3"
              id="content"
              tabindex="-1"
            >
              سرصفحه مقاله
            </h1>
          </div>
          <div
            class="c4"
          >
            <p
              class="c5"
            >
              یک پاراگراف.
            </p>
          </div>
        </div>
      </main>
    </div>
  </body>
</html>
`;

exports[`should render a pidgin article correctly (with navigation) 1`] = `
<html
  dir="ltr"
  lang="pcm"
>
  <head>
    <title>
      Article Headline for SEO in Pidgin - BBC News Pidgin
    </title>
    <link
      href="https://www.test.bbc.com/pathname"
      rel="canonical"
    />
    <link
      href="https://www.test.bbc.co.uk/pathname.amp"
      rel="amphtml"
    />
    <link
      href="http://localhost:7080/pidgin/images/icons/icon-192x192.png"
      rel="apple-touch-icon"
    />
    <link
      href="https://news.files.bbci.co.uk/include/articles/public/pidgin/images/icons/icon-72x72.png"
      rel="apple-touch-icon"
      sizes="72x72"
    />
    <link
      href="https://news.files.bbci.co.uk/include/articles/public/pidgin/images/icons/icon-96x96.png"
      rel="apple-touch-icon"
      sizes="96x96"
    />
    <link
      href="https://news.files.bbci.co.uk/include/articles/public/pidgin/images/icons/icon-128x128.png"
      rel="apple-touch-icon"
      sizes="128x128"
    />
    <link
      href="https://news.files.bbci.co.uk/include/articles/public/pidgin/images/icons/icon-144x144.png"
      rel="apple-touch-icon"
      sizes="144x144"
    />
    <link
      href="https://news.files.bbci.co.uk/include/articles/public/pidgin/images/icons/icon-152x152.png"
      rel="apple-touch-icon"
      sizes="152x152"
    />
    <link
      href="https://news.files.bbci.co.uk/include/articles/public/pidgin/images/icons/icon-192x192.png"
      rel="apple-touch-icon"
      sizes="192x192"
    />
    <link
      href="https://news.files.bbci.co.uk/include/articles/public/pidgin/images/icons/icon-384x384.png"
      rel="apple-touch-icon"
      sizes="384x384"
    />
    <link
      href="https://news.files.bbci.co.uk/include/articles/public/pidgin/images/icons/icon-512x512.png"
      rel="apple-touch-icon"
      sizes="512x512"
    />
    <link
      href="https://news.files.bbci.co.uk/include/articles/public/pidgin/images/icons/icon-72x72.png"
      rel="icon"
      sizes="72x72"
      type="image/png"
    />
    <link
      href="https://news.files.bbci.co.uk/include/articles/public/pidgin/images/icons/icon-96x96.png"
      rel="icon"
      sizes="96x96"
      type="image/png"
    />
    <link
      href="https://news.files.bbci.co.uk/include/articles/public/pidgin/images/icons/icon-192x192.png"
      rel="icon"
      sizes="192x192"
      type="image/png"
    />
    <link
      href="https://news.files.bbci.co.uk/include/articles/public/pidgin/images/icons/icon-512x512.png"
      rel="apple-touch-startup-image"
    />
    <link
      href="/favicon.ico"
      rel="shortcut icon"
      type="image/x-icon"
    />
    <meta
      content="IE=edge"
      http-equiv="X-UA-Compatible"
    />
    <meta
      charset="utf-8"
    />
    <meta
      content="noodp,noydir"
      name="robots"
    />
    <meta
      content="#B80000"
      name="theme-color"
    />
    <meta
      content="width=device-width, initial-scale=1, minimum-scale=1"
      name="viewport"
    />
    <meta
      content="BBC News Pidgin"
      name="apple-mobile-web-app-title"
    />
    <meta
      content="BBC News Pidgin"
      name="application-name"
    />
    <meta
      content="Article summary in Pidgin"
      name="description"
    />
    <meta
      content="100004154058350"
      property="fb:admins"
    />
    <meta
      content="1609039196070050"
      property="fb:app_id"
    />
    <meta
      content="yes"
      name="mobile-web-app-capable"
    />
    <meta
      content="#B80000"
      name="msapplication-TileColor"
    />
    <meta
      content="https://news.files.bbci.co.uk/include/articles/public/pidgin/images/icons/icon-144x144.png"
      name="msapplication-TileImage"
    />
    <meta
      content="Article summary in Pidgin"
      property="og:description"
    />
    <meta
      content="https://news.files.bbci.co.uk/ws/img/logos/og/pidgin.png"
      property="og:image"
    />
    <meta
      content="BBC News Pidgin"
      property="og:image:alt"
    />
    <meta
      content="pcm"
      property="og:locale"
    />
    <meta
      content="BBC News Pidgin"
      property="og:site_name"
    />
    <meta
      content="Article Headline for SEO in Pidgin - BBC News Pidgin"
      property="og:title"
    />
    <meta
      content="article"
      property="og:type"
    />
    <meta
      content="https://www.test.bbc.com/pathname"
      property="og:url"
    />
    <meta
      content="summary_large_image"
      name="twitter:card"
    />
    <meta
      content="@BBCNews"
      name="twitter:creator"
    />
    <meta
      content="Article summary in Pidgin"
      name="twitter:description"
    />
    <meta
      content="BBC News Pidgin"
      name="twitter:image:alt"
    />
    <meta
      content="https://news.files.bbci.co.uk/ws/img/logos/og/pidgin.png"
      name="twitter:image:src"
    />
    <meta
      content="@BBCNews"
      name="twitter:site"
    />
    <meta
      content="Article Headline for SEO in Pidgin - BBC News Pidgin"
      name="twitter:title"
    />
    <meta
      content="https://www.facebook.com/bbcnews"
      name="article:author"
    />
    <meta
      content="2018-01-01T13:00:00.000Z"
      name="article:modified_time"
    />
    <meta
      content="2018-01-01T12:01:00.000Z"
      name="article:published_time"
    />
    <script
      type="application/ld+json"
    >
      {"@context":"http://schema.org","@type":"Article","url":"https://www.test.bbc.com/pathname","publisher":{"@type":"NewsMediaOrganization","name":"BBC News Pidgin","publishingPrinciples":"https://www.bbc.com/news/help-41670342","logo":{"@type":"ImageObject","width":1024,"height":576,"url":"https://news.files.bbci.co.uk/ws/img/logos/og/pidgin.png"}},"image":{"@type":"ImageObject","width":1024,"height":576,"url":"https://news.files.bbci.co.uk/ws/img/logos/og/pidgin.png"},"thumbnailUrl":"https://news.files.bbci.co.uk/ws/img/logos/og/pidgin.png","mainEntityOfPage":{"@type":"WebPage","@id":"https://www.test.bbc.com/pathname","name":"Article Headline for SEO in Pidgin"},"headline":"Article Headline for SEO in Pidgin","datePublished":"2018-01-01T12:01:00.000Z","dateModified":"2018-01-01T13:00:00.000Z","author":{"@type":"NewsMediaOrganization","name":"BBC News Pidgin","logo":{"@type":"ImageObject","width":1024,"height":576,"url":"https://news.files.bbci.co.uk/ws/img/logos/og/pidgin.png"},"noBylinesPolicy":"https://www.bbc.com/news/help-41670342#authorexpertise"}}
    </script>
  </head>
  <body>
    .c1 {
  margin: 0 auto;
  background: #FDFDFD;
  padding-bottom: 2rem;
}

.c4 {
  grid-column: 1 / span 6;
}

.c3 {
  font-size: 1.75rem;
  line-height: 2rem;
  font-family: Helmet,Freesans,Helvetica,Arial,sans-serif;
  font-weight: 700;
  font-style: normal;
  color: #3F3F42;
  display: block;
  margin: 0;
  padding: 2rem 0;
}

.c3:focus {
  outline: none;
}

.c5 {
  font-size: 0.9375rem;
  line-height: 1.25rem;
  font-family: Helmet,Freesans,Helvetica,Arial,sans-serif;
  font-weight: 400;
  font-style: normal;
  color: #3F3F42;
  padding-bottom: 1.5rem;
  margin: 0;
}

.c0 {
  -webkit-box-flex: 1;
  -webkit-flex-grow: 1;
  -ms-flex-positive: 1;
  flex-grow: 1;
}

@media (max-width:37.4375rem) {
  .c1 {
    grid-column-gap: 0.5rem;
  }
}

@media (min-width:37.5rem) {
  .c1 {
    grid-column-gap: 1rem;
  }
}

@media (max-width:62.9375rem) {
  .c1 {
    grid-template-columns: repeat(6,1fr);
  }
}

@media (min-width:63rem) and (max-width:80rem) {
  .c1 {
    grid-template-columns: 1fr repeat(8,minmax(0,6.75rem)) 1fr;
    max-width: 45.5rem;
  }
}

@media (min-width:80rem) {
  .c1 {
    grid-template-columns: 1fr repeat(20,minmax(0,2.95rem)) 1fr;
    max-width: 46.4rem;
  }
}

@supports (display:grid) {
  .c1 {
    display: grid;
    max-width: initial;
    margin: initial;
  }
}

@media (max-width:25rem) {
  .c4 {
    padding: 0 0.5rem;
  }
}

@media (min-width:25rem) and (max-width:62.9375rem) {
  .c4 {
    padding: 0 1rem;
  }
}

@media (min-width:37.5rem) {
  .c4 {
    grid-column: 1 / span 5;
    max-width: 83.33%;
  }
}

@media (min-width:63rem) and (max-width:80rem) {
  .c4 {
    grid-column: 3 / span 5;
    max-width: 37.75rem;
  }
}

@media (min-width:80rem) {
  .c4 {
    grid-column: 6 / span 10;
    max-width: 38.5rem;
  }
}

@supports (display:grid) {
  .c4 {
    max-width: initial;
  }
}

@media (max-width:63rem) {
  .c2 {
    grid-column: 1 / span 6;
  }
}

@media (min-width:63rem) and (max-width:80rem) {
  .c2 {
    grid-column: 3 / span 6;
  }
}

@media (min-width:80rem) {
  .c2 {
    grid-column: 6 / span 12;
  }
}

@media (max-width:25rem) {
  .c2 {
    padding: 0 0.5rem;
  }
}

@media (min-width:25rem) and (max-width:62.9375rem) {
  .c2 {
    padding: 0 1rem;
  }
}

@media (min-width:20rem) and (max-width:37.4375rem) {
  .c3 {
    font-size: 2rem;
    line-height: 2.25rem;
  }
}

@media (min-width:37.5rem) {
  .c3 {
    font-size: 2.75rem;
    line-height: 3rem;
  }
}

@media (min-width:37.5rem) {
  .c3 {
    padding: 2.5rem 0;
  }
}

@media (min-width:20rem) and (max-width:37.4375rem) {
  .c5 {
    font-size: 1rem;
    line-height: 1.375rem;
  }
}

@media (min-width:37.5rem) {
  .c5 {
    font-size: 1rem;
    line-height: 1.375rem;
  }
}

<div>
      <noscript />
      <div>
        chartbeat
      </div>
      <main
        class="c0"
        role="main"
      >
        <div
          class="c1"
        >
          <div
            class="c2"
          >
            <h1
              class="c3"
              id="content"
              tabindex="-1"
            >
              Article Headline in Pidgin
            </h1>
          </div>
          <div
            class="c4"
          >
            <p
              class="c5"
            >
              A paragraph in Pidgin.
            </p>
          </div>
        </div>
      </main>
    </div>
  </body>
</html>
`;
